ROUTE bytes=10955 rows=17 fixture_rows=1000 scopes=64
PARITY json_replica_bytes ok
PARITY typed_bytes ok
RANK long k=0 ids=
RANK selective k=8 ids=store-decision-object-768,store-decision-object-832,store-decision-object-896,store-decision-object-960,store-decision-object-512,store-decision-object-576,store-decision-object-640,store-decision-object-704
RANK absent k=0 ids=
RANK common k=8 ids=store-decision-object-768,store-decision-object-832,store-decision-object-896,store-decision-object-960,store-decision-object-512,store-decision-object-576,store-decision-object-640,store-decision-object-704
TIME route/full min_ms=2.7072 median_ms=2.8033 max_ms=3.2353 reps=20 first_ms=3.3017
TIME stage/tip min_ms=0.0088 median_ms=0.0095 max_ms=0.0112 reps=20 first_ms=0.0193
TIME stage/visible_as_of_in_scope min_ms=2.2803 median_ms=2.3181 max_ms=2.5092 reps=20 first_ms=2.5834
TIME stage/newest_heap min_ms=0.0024 median_ms=0.0034 max_ms=0.0038 reps=20 first_ms=0.0141
TIME stage/payload_sizes min_ms=0.0572 median_ms=0.0608 max_ms=0.0735 reps=20 first_ms=0.0971
TIME stage/decisions_hydrate min_ms=0.0477 median_ms=0.0489 max_ms=0.0596 reps=20 first_ms=0.0620
TIME json/row_json_trees min_ms=0.0528 median_ms=0.0537 max_ms=0.0669 reps=20 first_ms=0.0501
TIME json/row_measure min_ms=0.0082 median_ms=0.0088 max_ms=0.0091 reps=20 first_ms=0.0102
TIME json/wrap_response min_ms=0.0393 median_ms=0.0402 max_ms=0.0518 reps=20 first_ms=0.0351
TIME json/measure_whole min_ms=0.0073 median_ms=0.0079 max_ms=0.0082 reps=20 first_ms=0.0080
TIME json/write_whole min_ms=0.0107 median_ms=0.0112 max_ms=0.0114 reps=20 first_ms=0.0116
TIME json/drop_trees min_ms=0.0107 median_ms=0.0113 max_ms=0.0119 reps=20 first_ms=0.0119
TIME typed/build_rows min_ms=0.0071 median_ms=0.0077 max_ms=0.0183 reps=20 first_ms=0.0080
TIME typed/row_measure min_ms=0.0077 median_ms=0.0081 max_ms=0.0088 reps=20 first_ms=0.0089
TIME typed/measure_whole min_ms=0.0066 median_ms=0.0069 max_ms=0.0076 reps=20 first_ms=0.0073
TIME typed/write_whole min_ms=0.0103 median_ms=0.0111 max_ms=0.0122 reps=20 first_ms=0.0117
TIME rank/common min_ms=0.0169 median_ms=0.0171 max_ms=0.0176 reps=20 first_ms=0.0255
TIME rank/encode_k_rows min_ms=0.0008 median_ms=0.0009 max_ms=0.0011 reps=20 first_ms=0.0013
TIME rank/selective min_ms=0.0160 median_ms=0.0163 max_ms=0.0165 reps=20 first_ms=0.0159
TIME rank/absent min_ms=0.0152 median_ms=0.0152 max_ms=0.0153 reps=20 first_ms=0.0153
TIME rank/long min_ms=0.0165 median_ms=0.0166 max_ms=0.0167 reps=20 first_ms=0.0167
TIME candidates/visible_named_8 min_ms=0.1782 median_ms=0.1857 max_ms=6.5197 reps=20 first_ms=6.8893
TIME candidates/hydrate_named_8 min_ms=0.0299 median_ms=0.0324 max_ms=0.0582 reps=20 first_ms=0.0680
TIME candidates/visible_named_64 min_ms=0.2231 median_ms=0.2295 max_ms=0.5933 reps=20 first_ms=0.2629
TIME candidates/hydrate_named_64 min_ms=0.0417 median_ms=0.0434 max_ms=0.0510 reps=20 first_ms=0.0599
