ROUTE bytes=2578079 rows=4001 fixture_rows=4000 scopes=1
PARITY json_replica_bytes ok
PARITY typed_bytes ok
RANK common k=8 ids=store-decision-object-3840,store-decision-object-3841,store-decision-object-3842,store-decision-object-3843,store-decision-object-3844,store-decision-object-3845,store-decision-object-3846,store-decision-object-3847
RANK selective k=8 ids=store-decision-object-3877,store-decision-object-3977,store-decision-object-3677,store-decision-object-3770,store-decision-object-3771,store-decision-object-3772,store-decision-object-3773,store-decision-object-3774
RANK absent k=0 ids=
RANK long k=0 ids=
TIME route/full min_ms=83.4778 median_ms=90.1590 max_ms=96.9312 reps=10 first_ms=101.8434
TIME stage/tip min_ms=0.0209 median_ms=0.0275 max_ms=0.0458 reps=10 first_ms=0.0326
TIME stage/visible_as_of_in_scope min_ms=27.4385 median_ms=28.1624 max_ms=29.1521 reps=10 first_ms=30.3193
TIME stage/newest_heap min_ms=0.9788 median_ms=0.9882 max_ms=1.0392 reps=10 first_ms=1.2292
TIME stage/payload_sizes min_ms=3.7013 median_ms=3.8395 max_ms=4.0566 reps=10 first_ms=4.1150
TIME stage/decisions_hydrate min_ms=6.6903 median_ms=6.8943 max_ms=7.1189 reps=10 first_ms=8.1595
TIME json/row_json_trees min_ms=8.3501 median_ms=8.4161 max_ms=8.6187 reps=10 first_ms=13.0831
TIME json/row_measure min_ms=1.8362 median_ms=1.9296 max_ms=2.0861 reps=10 first_ms=2.0806
TIME json/wrap_response min_ms=7.5858 median_ms=7.7575 max_ms=9.4202 reps=10 first_ms=14.3765
TIME json/measure_whole min_ms=2.1037 median_ms=2.1785 max_ms=2.3446 reps=10 first_ms=2.6215
TIME json/write_whole min_ms=2.2128 median_ms=2.2895 max_ms=3.3207 reps=10 first_ms=4.1151
TIME json/drop_trees min_ms=4.2529 median_ms=4.3431 max_ms=4.5703 reps=10 first_ms=4.5671
TIME typed/build_rows min_ms=0.3497 median_ms=0.3756 max_ms=0.6433 reps=10 first_ms=0.4128
TIME typed/row_measure min_ms=1.1897 median_ms=1.2548 max_ms=1.2822 reps=10 first_ms=1.3279
TIME typed/measure_whole min_ms=1.1998 median_ms=1.2360 max_ms=1.2461 reps=10 first_ms=1.2341
TIME typed/write_whole min_ms=1.7942 median_ms=1.8391 max_ms=1.9282 reps=10 first_ms=1.9416
TIME rank/common min_ms=3.8948 median_ms=3.9350 max_ms=3.9559 reps=10 first_ms=3.9753
TIME rank/encode_k_rows min_ms=0.0012 median_ms=0.0019 max_ms=0.0020 reps=10 first_ms=0.0016
TIME rank/selective min_ms=4.0099 median_ms=4.0329 max_ms=4.0522 reps=10 first_ms=4.0005
TIME rank/absent min_ms=3.7708 median_ms=3.7878 max_ms=3.8045 reps=10 first_ms=3.7825
TIME rank/long min_ms=4.0265 median_ms=4.0613 max_ms=4.0666 reps=10 first_ms=4.0517
TIME candidates/visible_named_8 min_ms=0.2248 median_ms=0.2354 max_ms=5.7952 reps=10 first_ms=6.5719
TIME candidates/hydrate_named_8 min_ms=0.0628 median_ms=0.0712 max_ms=0.0766 reps=10 first_ms=0.0660
TIME candidates/visible_named_64 min_ms=0.4967 median_ms=0.5055 max_ms=0.5233 reps=10 first_ms=0.5140
TIME candidates/hydrate_named_64 min_ms=0.0905 median_ms=0.0929 max_ms=0.1030 reps=10 first_ms=0.1065
