ROUTE bytes=427238 rows=668 fixture_rows=1000 scopes=1
PARITY json_replica_bytes ok
PARITY pushdown_rank_common ok
PARITY pushdown_rank_selective ok
PARITY pushdown_rank_absent ok
PARITY pushdown_rank_long ok
PARITY typed_bytes ok
RANK common k=8 ids=store-decision-object-768,store-decision-object-769,store-decision-object-771,store-decision-object-772,store-decision-object-774,store-decision-object-775,store-decision-object-777,store-decision-object-778
RANK selective k=8 ids=store-decision-object-771,store-decision-object-772,store-decision-object-774,store-decision-object-775,store-decision-object-777,store-decision-object-778,store-decision-object-877,store-decision-object-577
RANK absent k=0 ids=
RANK long k=0 ids=
TIME route/full min_ms=12.8742 median_ms=13.2711 max_ms=13.7089 reps=10 first_ms=14.6117
TIME stage/tip min_ms=0.0117 median_ms=0.0129 max_ms=0.0137 reps=10 first_ms=0.0161
TIME stage/visible_as_of_in_scope min_ms=4.6737 median_ms=5.3440 max_ms=5.4083 reps=10 first_ms=5.4687
TIME stage/newest_heap min_ms=0.1199 median_ms=0.1215 max_ms=0.1294 reps=10 first_ms=0.1282
TIME stage/payload_sizes min_ms=0.6156 median_ms=0.6218 max_ms=0.6333 reps=10 first_ms=0.6399
TIME stage/decisions_hydrate min_ms=1.0767 median_ms=1.0972 max_ms=1.1177 reps=10 first_ms=1.2308
TIME json/row_json_trees min_ms=1.3713 median_ms=1.3820 max_ms=1.3936 reps=10 first_ms=2.0012
TIME json/row_measure min_ms=0.3009 median_ms=0.3145 max_ms=0.3200 reps=10 first_ms=0.3157
TIME json/wrap_response min_ms=1.2124 median_ms=1.2317 max_ms=1.3841 reps=10 first_ms=2.0768
TIME json/measure_whole min_ms=0.2668 median_ms=0.2899 max_ms=0.3022 reps=10 first_ms=0.3497
TIME json/write_whole min_ms=0.3424 median_ms=0.3630 max_ms=0.5544 reps=10 first_ms=0.5025
TIME json/drop_trees min_ms=0.4102 median_ms=0.6023 max_ms=0.6347 reps=10 first_ms=0.4178
TIME typed/build_rows min_ms=0.0489 median_ms=0.2308 max_ms=0.2407 reps=10 first_ms=0.2356
TIME typed/row_measure min_ms=0.1981 median_ms=0.2078 max_ms=0.2288 reps=10 first_ms=0.2184
TIME typed/measure_whole min_ms=0.1835 median_ms=0.1961 max_ms=0.2202 reps=10 first_ms=0.2092
TIME typed/write_whole min_ms=0.3050 median_ms=0.3121 max_ms=0.3333 reps=10 first_ms=0.3194
TIME rank/common min_ms=0.6206 median_ms=0.6266 max_ms=0.6358 reps=10 first_ms=0.6180
TIME rank/encode_k_rows min_ms=0.0006 median_ms=0.0007 max_ms=0.0009 reps=10 first_ms=0.0008
TIME rank/selective min_ms=0.6255 median_ms=0.6266 max_ms=0.6387 reps=10 first_ms=0.6261
TIME rank/absent min_ms=0.5921 median_ms=0.5926 max_ms=0.6020 reps=10 first_ms=0.5920
TIME rank/long min_ms=0.6337 median_ms=0.6341 max_ms=0.6552 reps=10 first_ms=0.6322
TIME candidates/visible_named_8 min_ms=0.1549 median_ms=0.1578 max_ms=5.8803 reps=10 first_ms=6.2061
TIME candidates/hydrate_named_8 min_ms=0.0405 median_ms=0.0409 max_ms=0.0494 reps=10 first_ms=0.0508
TIME candidates/visible_named_64 min_ms=0.4870 median_ms=0.4940 max_ms=0.5089 reps=10 first_ms=0.5052
TIME candidates/hydrate_named_64 min_ms=0.0989 median_ms=0.0997 max_ms=0.1102 reps=10 first_ms=0.1049
TIME pushdown/common/scan_rank min_ms=0.5560 median_ms=0.5613 max_ms=0.5768 reps=10 first_ms=1.5351
TIME pushdown/common/authorize min_ms=0.3750 median_ms=0.3785 max_ms=0.3864 reps=10 first_ms=0.4202
TIME pushdown/common/hydrate_encode min_ms=0.0429 median_ms=0.0440 max_ms=0.0477 reps=10 first_ms=0.0607
TIME pushdown/common/total min_ms=0.9754 median_ms=0.9851 max_ms=1.0125 reps=10 first_ms=2.0177
TIME pushdown/selective/scan_rank min_ms=0.5390 median_ms=0.5508 max_ms=0.5674 reps=10 first_ms=0.5686
TIME pushdown/selective/authorize min_ms=0.3865 median_ms=0.3917 max_ms=0.4113 reps=10 first_ms=0.4057
TIME pushdown/selective/hydrate_encode min_ms=0.0419 median_ms=0.0449 max_ms=0.0479 reps=10 first_ms=0.0500
TIME pushdown/selective/total min_ms=0.9713 median_ms=0.9904 max_ms=1.0111 reps=10 first_ms=1.0255
TIME pushdown/absent/scan_rank min_ms=0.3757 median_ms=0.3777 max_ms=0.3893 reps=10 first_ms=0.3776
TIME pushdown/absent/authorize min_ms=0.0013 median_ms=0.0098 max_ms=0.0104 reps=10 first_ms=0.0075
TIME pushdown/absent/hydrate_encode min_ms=0.0083 median_ms=0.0092 max_ms=0.0109 reps=10 first_ms=0.0095
TIME pushdown/absent/total min_ms=0.3896 median_ms=0.3969 max_ms=0.4118 reps=10 first_ms=0.3954
TIME pushdown/long/scan_rank min_ms=0.6100 median_ms=0.6203 max_ms=0.6364 reps=10 first_ms=0.6158
TIME pushdown/long/authorize min_ms=0.0001 median_ms=0.0002 max_ms=0.0024 reps=10 first_ms=0.0010
TIME pushdown/long/hydrate_encode min_ms=0.0051 median_ms=0.0054 max_ms=0.0067 reps=10 first_ms=0.0055
TIME pushdown/long/total min_ms=0.6162 median_ms=0.6262 max_ms=0.6446 reps=10 first_ms=0.6229
