ROUTE bytes=164098 rows=257 fixture_rows=256 scopes=1
PARITY json_replica_bytes ok
PARITY pushdown_rank_common ok
PARITY pushdown_rank_selective ok
PARITY pushdown_rank_absent ok
PARITY pushdown_rank_long ok
PARITY typed_bytes ok
RANK common k=8 ids=store-decision-object-0,store-decision-object-1,store-decision-object-10,store-decision-object-100,store-decision-object-101,store-decision-object-102,store-decision-object-103,store-decision-object-104
RANK absent k=0 ids=
RANK long k=0 ids=
RANK selective k=8 ids=store-decision-object-177,store-decision-object-77,store-decision-object-0,store-decision-object-1,store-decision-object-10,store-decision-object-100,store-decision-object-101,store-decision-object-102
TIME route/full min_ms=4.9617 median_ms=5.0485 max_ms=5.1702 reps=20 first_ms=5.8682
TIME stage/tip min_ms=0.0105 median_ms=0.0113 max_ms=0.0131 reps=20 first_ms=0.0158
TIME stage/visible_as_of_in_scope min_ms=1.7571 median_ms=1.9922 max_ms=2.0352 reps=20 first_ms=1.9105
TIME stage/newest_heap min_ms=0.0446 median_ms=0.0452 max_ms=0.0670 reps=20 first_ms=0.0482
TIME stage/payload_sizes min_ms=0.1819 median_ms=0.1888 max_ms=0.2099 reps=20 first_ms=0.2019
TIME stage/decisions_hydrate min_ms=0.3515 median_ms=0.3605 max_ms=0.3660 reps=20 first_ms=0.3887
TIME json/row_json_trees min_ms=0.5322 median_ms=0.5627 max_ms=0.5796 reps=20 first_ms=0.8201
TIME json/row_measure min_ms=0.0950 median_ms=0.1022 max_ms=0.1135 reps=20 first_ms=0.1105
TIME json/wrap_response min_ms=0.4588 median_ms=0.4605 max_ms=0.4714 reps=20 first_ms=0.8571
TIME json/measure_whole min_ms=0.0933 median_ms=0.0997 max_ms=0.1159 reps=20 first_ms=0.1234
TIME json/write_whole min_ms=0.1371 median_ms=0.1505 max_ms=0.1660 reps=20 first_ms=0.2184
TIME json/drop_trees min_ms=0.1429 median_ms=0.1517 max_ms=0.1646 reps=20 first_ms=0.1711
TIME typed/build_rows min_ms=0.0762 median_ms=0.0802 max_ms=0.0905 reps=20 first_ms=0.0845
TIME typed/row_measure min_ms=0.0832 median_ms=0.0898 max_ms=0.1011 reps=20 first_ms=0.0855
TIME typed/measure_whole min_ms=0.0761 median_ms=0.0785 max_ms=0.0816 reps=20 first_ms=0.0798
TIME typed/write_whole min_ms=0.1283 median_ms=0.1420 max_ms=0.1580 reps=20 first_ms=0.1386
TIME rank/common min_ms=0.2355 median_ms=0.2370 max_ms=0.2380 reps=20 first_ms=0.2367
TIME rank/encode_k_rows min_ms=0.0007 median_ms=0.0008 max_ms=0.0009 reps=20 first_ms=0.0009
TIME rank/selective min_ms=0.2357 median_ms=0.2363 max_ms=0.2367 reps=20 first_ms=0.2469
TIME rank/absent min_ms=0.2261 median_ms=0.2265 max_ms=0.2604 reps=20 first_ms=0.2258
TIME rank/long min_ms=0.2425 median_ms=0.2428 max_ms=0.2659 reps=20 first_ms=0.2420
TIME candidates/visible_named_8 min_ms=0.1419 median_ms=0.1511 max_ms=6.1839 reps=20 first_ms=6.8561
TIME candidates/hydrate_named_8 min_ms=0.0360 median_ms=0.0395 max_ms=0.0485 reps=20 first_ms=0.0514
TIME candidates/visible_named_64 min_ms=0.4762 median_ms=0.4826 max_ms=0.5031 reps=20 first_ms=0.5060
TIME candidates/hydrate_named_64 min_ms=0.0929 median_ms=0.0955 max_ms=0.1041 reps=20 first_ms=0.1048
TIME pushdown/common/scan_rank min_ms=0.1632 median_ms=0.1658 max_ms=0.1687 reps=20 first_ms=1.0484
TIME pushdown/common/authorize min_ms=0.4918 median_ms=0.4983 max_ms=0.5150 reps=20 first_ms=0.5339
TIME pushdown/common/hydrate_encode min_ms=0.0434 median_ms=0.0454 max_ms=0.0504 reps=20 first_ms=0.0601
TIME pushdown/common/total min_ms=0.7027 median_ms=0.7099 max_ms=0.7274 reps=20 first_ms=1.6441
TIME pushdown/selective/scan_rank min_ms=0.1474 median_ms=0.1494 max_ms=0.1614 reps=20 first_ms=0.1517
TIME pushdown/selective/authorize min_ms=0.4916 median_ms=0.4981 max_ms=0.5082 reps=20 first_ms=0.5047
TIME pushdown/selective/hydrate_encode min_ms=0.0419 median_ms=0.0434 max_ms=0.0453 reps=20 first_ms=0.0462
TIME pushdown/selective/total min_ms=0.6830 median_ms=0.6929 max_ms=0.7109 reps=20 first_ms=0.7034
TIME pushdown/absent/scan_rank min_ms=0.0992 median_ms=0.1001 max_ms=0.1051 reps=20 first_ms=0.1004
TIME pushdown/absent/authorize min_ms=0.0039 median_ms=0.0045 max_ms=0.0047 reps=20 first_ms=0.0033
TIME pushdown/absent/hydrate_encode min_ms=0.0069 median_ms=0.0074 max_ms=0.0079 reps=20 first_ms=0.0085
TIME pushdown/absent/total min_ms=0.1112 median_ms=0.1127 max_ms=0.1178 reps=20 first_ms=0.1130
TIME pushdown/long/scan_rank min_ms=0.1598 median_ms=0.1623 max_ms=0.1633 reps=20 first_ms=0.1640
TIME pushdown/long/authorize min_ms=0.0001 median_ms=0.0002 max_ms=0.0011 reps=20 first_ms=0.0002
TIME pushdown/long/hydrate_encode min_ms=0.0050 median_ms=0.0053 max_ms=0.0057 reps=20 first_ms=0.0053
TIME pushdown/long/total min_ms=0.1658 median_ms=0.1687 max_ms=0.1701 reps=20 first_ms=0.1701
