ROUTE bytes=640178 rows=1001 fixture_rows=1000 scopes=1
PARITY json_replica_bytes ok
PARITY pushdown_rank_common ok
PARITY pushdown_rank_selective ok
PARITY pushdown_rank_absent ok
PARITY pushdown_rank_long ok
PARITY typed_bytes ok
RANK common k=8 ids=store-decision-object-768,store-decision-object-769,store-decision-object-770,store-decision-object-771,store-decision-object-772,store-decision-object-773,store-decision-object-774,store-decision-object-775
RANK absent k=0 ids=
RANK selective k=8 ids=store-decision-object-770,store-decision-object-771,store-decision-object-772,store-decision-object-773,store-decision-object-774,store-decision-object-775,store-decision-object-776,store-decision-object-777
RANK long k=0 ids=
TIME route/full min_ms=18.7258 median_ms=18.8841 max_ms=19.9061 reps=20 first_ms=21.6391
TIME stage/tip min_ms=0.0113 median_ms=0.0124 max_ms=0.0139 reps=20 first_ms=0.0158
TIME stage/visible_as_of_in_scope min_ms=6.6385 median_ms=7.5792 max_ms=7.6437 reps=20 first_ms=7.8073
TIME stage/newest_heap min_ms=0.1927 median_ms=0.1967 max_ms=0.2023 reps=20 first_ms=0.2262
TIME stage/payload_sizes min_ms=0.8523 median_ms=0.8594 max_ms=0.8739 reps=20 first_ms=0.8823
TIME stage/decisions_hydrate min_ms=1.5255 median_ms=1.5572 max_ms=1.5933 reps=20 first_ms=1.8212
TIME json/row_json_trees min_ms=2.0274 median_ms=2.0538 max_ms=2.0846 reps=20 first_ms=3.0429
TIME json/row_measure min_ms=0.4181 median_ms=0.4364 max_ms=0.4956 reps=20 first_ms=0.4293
TIME json/wrap_response min_ms=1.7844 median_ms=1.8023 max_ms=2.1127 reps=20 first_ms=3.0533
TIME json/measure_whole min_ms=0.3779 median_ms=0.4122 max_ms=0.4829 reps=20 first_ms=0.5513
TIME json/write_whole min_ms=0.5681 median_ms=0.6263 max_ms=0.8897 reps=20 first_ms=0.9180
TIME json/drop_trees min_ms=0.5898 median_ms=0.6029 max_ms=0.6511 reps=20 first_ms=0.6505
TIME typed/build_rows min_ms=0.3957 median_ms=0.4031 max_ms=0.4226 reps=20 first_ms=0.4106
TIME typed/row_measure min_ms=0.3147 median_ms=0.3197 max_ms=0.3298 reps=20 first_ms=0.3108
TIME typed/measure_whole min_ms=0.3009 median_ms=0.3100 max_ms=0.3336 reps=20 first_ms=0.3119
TIME typed/write_whole min_ms=0.4825 median_ms=0.5501 max_ms=0.6209 reps=20 first_ms=0.5580
TIME rank/common min_ms=0.9357 median_ms=0.9427 max_ms=0.9712 reps=20 first_ms=0.9417
TIME rank/encode_k_rows min_ms=0.0008 median_ms=0.0008 max_ms=0.0010 reps=20 first_ms=0.0010
TIME rank/selective min_ms=0.9404 median_ms=0.9448 max_ms=0.9713 reps=20 first_ms=0.9402
TIME rank/absent min_ms=0.8865 median_ms=0.8884 max_ms=0.9193 reps=20 first_ms=0.8861
TIME rank/long min_ms=0.9464 median_ms=0.9483 max_ms=0.9682 reps=20 first_ms=0.9457
TIME candidates/visible_named_8 min_ms=0.1500 median_ms=0.1531 max_ms=5.6014 reps=20 first_ms=5.9074
TIME candidates/hydrate_named_8 min_ms=0.0400 median_ms=0.0412 max_ms=0.0524 reps=20 first_ms=0.0477
TIME candidates/visible_named_64 min_ms=0.4732 median_ms=0.4784 max_ms=0.4947 reps=20 first_ms=0.4880
TIME candidates/hydrate_named_64 min_ms=0.0869 median_ms=0.0894 max_ms=0.1017 reps=20 first_ms=0.0973
TIME pushdown/common/scan_rank min_ms=0.5569 median_ms=0.5615 max_ms=0.5907 reps=20 first_ms=1.5583
TIME pushdown/common/authorize min_ms=0.4919 median_ms=0.4981 max_ms=0.5204 reps=20 first_ms=0.5539
TIME pushdown/common/hydrate_encode min_ms=0.0429 median_ms=0.0446 max_ms=0.0534 reps=20 first_ms=0.0649
TIME pushdown/common/total min_ms=1.0948 median_ms=1.1116 max_ms=1.1541 reps=20 first_ms=2.1792
TIME pushdown/selective/scan_rank min_ms=0.5375 median_ms=0.5502 max_ms=0.5818 reps=20 first_ms=0.5592
TIME pushdown/selective/authorize min_ms=0.5158 median_ms=0.5287 max_ms=0.5651 reps=20 first_ms=0.5330
TIME pushdown/selective/hydrate_encode min_ms=0.0413 median_ms=0.0437 max_ms=0.0485 reps=20 first_ms=0.0492
TIME pushdown/selective/total min_ms=1.0992 median_ms=1.1217 max_ms=1.1644 reps=20 first_ms=1.1425
TIME pushdown/absent/scan_rank min_ms=0.3758 median_ms=0.3788 max_ms=0.4249 reps=20 first_ms=0.3792
TIME pushdown/absent/authorize min_ms=0.0010 median_ms=0.0095 max_ms=0.0102 reps=20 first_ms=0.0079
TIME pushdown/absent/hydrate_encode min_ms=0.0080 median_ms=0.0089 max_ms=0.0107 reps=20 first_ms=0.0090
TIME pushdown/absent/total min_ms=0.3861 median_ms=0.3977 max_ms=0.4478 reps=20 first_ms=0.3969
TIME pushdown/long/scan_rank min_ms=0.6279 median_ms=0.6434 max_ms=0.6769 reps=20 first_ms=0.6405
TIME pushdown/long/authorize min_ms=0.0001 median_ms=0.0002 max_ms=0.0024 reps=20 first_ms=0.0010
TIME pushdown/long/hydrate_encode min_ms=0.0051 median_ms=0.0055 max_ms=0.0075 reps=20 first_ms=0.0052
TIME pushdown/long/total min_ms=0.6339 median_ms=0.6495 max_ms=0.6853 reps=20 first_ms=0.6474
