ROUTE bytes=5299278 rows=8192 fixture_rows=12000 scopes=1
PARITY json_replica_bytes ok
PARITY typed_bytes ok
RANK common k=8 ids=store-decision-object-11776,store-decision-object-11777,store-decision-object-11778,store-decision-object-11779,store-decision-object-11780,store-decision-object-11781,store-decision-object-11782,store-decision-object-11783
RANK selective k=8 ids=store-decision-object-11776,store-decision-object-11777,store-decision-object-11778,store-decision-object-11779,store-decision-object-11877,store-decision-object-11977,store-decision-object-11577,store-decision-object-11677
RANK long k=0 ids=
RANK absent k=0 ids=
TIME route/full min_ms=230.6175 median_ms=234.9816 max_ms=237.6005 reps=4 first_ms=284.8218
TIME stage/tip min_ms=0.0313 median_ms=0.0363 max_ms=0.0410 reps=4 first_ms=0.2940
TIME stage/visible_as_of_in_scope min_ms=90.0110 median_ms=90.0862 max_ms=90.3961 reps=4 first_ms=97.6383
TIME stage/newest_heap min_ms=4.0675 median_ms=4.1650 max_ms=4.4777 reps=4 first_ms=4.2054
TIME stage/payload_sizes min_ms=8.7028 median_ms=8.8340 max_ms=8.8702 reps=4 first_ms=8.5410
TIME stage/decisions_hydrate min_ms=14.7733 median_ms=14.9457 max_ms=15.5445 reps=4 first_ms=16.3256
TIME json/row_json_trees min_ms=18.1877 median_ms=18.3506 max_ms=19.0560 reps=4 first_ms=28.1036
TIME json/row_measure min_ms=5.0474 median_ms=5.2512 max_ms=6.1424 reps=4 first_ms=5.2835
TIME json/wrap_response min_ms=17.4410 median_ms=18.2634 max_ms=19.2734 reps=4 first_ms=30.5366
TIME json/measure_whole min_ms=5.3463 median_ms=5.9359 max_ms=6.0327 reps=4 first_ms=5.9041
TIME json/write_whole min_ms=5.7214 median_ms=7.1552 max_ms=7.6163 reps=4 first_ms=8.4131
TIME json/drop_trees min_ms=9.5195 median_ms=9.6738 max_ms=9.6877 reps=4 first_ms=10.8041
TIME typed/build_rows min_ms=1.1764 median_ms=1.3318 max_ms=1.4854 reps=4 first_ms=1.1124
TIME typed/row_measure min_ms=2.6107 median_ms=2.6657 max_ms=2.6735 reps=4 first_ms=2.5141
TIME typed/measure_whole min_ms=2.5222 median_ms=2.5468 max_ms=2.5513 reps=4 first_ms=2.4217
TIME typed/write_whole min_ms=3.7929 median_ms=3.8292 max_ms=3.8835 reps=4 first_ms=3.8301
TIME rank/common min_ms=9.0271 median_ms=9.1588 max_ms=9.7551 reps=4 first_ms=8.9580
TIME rank/encode_k_rows min_ms=0.0022 median_ms=0.0026 max_ms=0.0027 reps=4 first_ms=0.0018
TIME rank/selective min_ms=9.0574 median_ms=9.1289 max_ms=9.1860 reps=4 first_ms=9.0288
TIME rank/absent min_ms=8.3382 median_ms=8.3701 max_ms=8.3762 reps=4 first_ms=8.3161
TIME rank/long min_ms=8.8583 median_ms=8.8813 max_ms=8.8919 reps=4 first_ms=8.7897
TIME candidates/visible_named_8 min_ms=0.3236 median_ms=0.3415 max_ms=6.0691 reps=4 first_ms=6.7007
TIME candidates/hydrate_named_8 min_ms=0.0660 median_ms=0.1007 max_ms=0.1044 reps=4 first_ms=0.0701
TIME candidates/visible_named_64 min_ms=0.5412 median_ms=0.5499 max_ms=0.5627 reps=4 first_ms=0.5461
TIME candidates/hydrate_named_64 min_ms=0.0994 median_ms=0.1060 max_ms=0.1185 reps=4 first_ms=0.1072
