ROUTE bytes=640178 rows=1001 fixture_rows=1000 scopes=1
DUMP path=/tmp/pfi/route-1000-narrow.json
PARITY json_replica_bytes ok
PARITY typed_bytes ok
RANK absent k=0 ids=
RANK long k=0 ids=
RANK common k=8 ids=store-decision-object-768,store-decision-object-769,store-decision-object-770,store-decision-object-771,store-decision-object-772,store-decision-object-773,store-decision-object-774,store-decision-object-775
RANK selective k=8 ids=store-decision-object-770,store-decision-object-771,store-decision-object-772,store-decision-object-773,store-decision-object-774,store-decision-object-775,store-decision-object-776,store-decision-object-777
TIME route/full min_ms=19.0837 median_ms=19.2206 max_ms=20.4618 reps=20 first_ms=21.8283
TIME stage/tip min_ms=0.0130 median_ms=0.0143 max_ms=0.0160 reps=20 first_ms=0.0180
TIME stage/visible_as_of_in_scope min_ms=7.7149 median_ms=7.7706 max_ms=7.8254 reps=20 first_ms=8.0168
TIME stage/newest_heap min_ms=0.1949 median_ms=0.1999 max_ms=0.2169 reps=20 first_ms=0.2250
TIME stage/payload_sizes min_ms=0.8494 median_ms=0.8632 max_ms=0.8932 reps=20 first_ms=0.8920
TIME stage/decisions_hydrate min_ms=1.5638 median_ms=1.5702 max_ms=1.5901 reps=20 first_ms=1.8346
TIME json/row_json_trees min_ms=2.0289 median_ms=2.0827 max_ms=2.1125 reps=20 first_ms=3.1443
TIME json/row_measure min_ms=0.4279 median_ms=0.4564 max_ms=0.4696 reps=20 first_ms=0.4450
TIME json/wrap_response min_ms=1.9083 median_ms=1.9459 max_ms=2.0587 reps=20 first_ms=3.3439
TIME json/measure_whole min_ms=0.3925 median_ms=0.4167 max_ms=0.4579 reps=20 first_ms=0.5183
TIME json/write_whole min_ms=0.5380 median_ms=0.5529 max_ms=0.7688 reps=20 first_ms=0.8606
TIME json/drop_trees min_ms=0.6056 median_ms=0.6247 max_ms=1.0103 reps=20 first_ms=0.6450
TIME typed/build_rows min_ms=0.0775 median_ms=0.4205 max_ms=0.4420 reps=20 first_ms=0.4182
TIME typed/row_measure min_ms=0.3092 median_ms=0.3197 max_ms=0.3290 reps=20 first_ms=0.3144
TIME typed/measure_whole min_ms=0.2879 median_ms=0.2990 max_ms=0.3234 reps=20 first_ms=0.3020
TIME typed/write_whole min_ms=0.4499 median_ms=0.4682 max_ms=0.5972 reps=20 first_ms=0.4905
TIME rank/common min_ms=0.9428 median_ms=0.9528 max_ms=0.9844 reps=20 first_ms=0.9315
TIME rank/encode_k_rows min_ms=0.0007 median_ms=0.0009 max_ms=0.0011 reps=20 first_ms=0.0012
TIME rank/selective min_ms=0.9430 median_ms=0.9458 max_ms=0.9564 reps=20 first_ms=0.9522
TIME rank/absent min_ms=0.8861 median_ms=0.8876 max_ms=0.8975 reps=20 first_ms=0.8855
TIME rank/long min_ms=0.9477 median_ms=0.9565 max_ms=0.9751 reps=20 first_ms=0.9458
TIME candidates/visible_named_8 min_ms=0.1651 median_ms=0.1716 max_ms=5.7459 reps=20 first_ms=5.9289
TIME candidates/hydrate_named_8 min_ms=0.0408 median_ms=0.0427 max_ms=0.0617 reps=20 first_ms=0.0744
TIME candidates/visible_named_64 min_ms=0.4793 median_ms=0.4875 max_ms=0.5066 reps=20 first_ms=0.5014
TIME candidates/hydrate_named_64 min_ms=0.0892 median_ms=0.0917 max_ms=0.0969 reps=20 first_ms=0.1006
