ROUTE bytes=5285046 rows=8192 fixture_rows=8192 scopes=1
PARITY json_replica_bytes ok
PARITY typed_bytes ok
RANK long k=0 ids=
RANK selective k=8 ids=store-decision-object-7977,store-decision-object-8077,store-decision-object-8177,store-decision-object-7700,store-decision-object-7701,store-decision-object-7702,store-decision-object-7703,store-decision-object-7704
RANK absent k=0 ids=
RANK common k=8 ids=store-decision-object-7936,store-decision-object-7937,store-decision-object-7938,store-decision-object-7939,store-decision-object-7940,store-decision-object-7941,store-decision-object-7942,store-decision-object-7943
TIME route/full min_ms=206.5555 median_ms=220.1725 max_ms=233.2127 reps=6 first_ms=240.0284
TIME stage/tip min_ms=0.0351 median_ms=0.0406 max_ms=0.0535 reps=6 first_ms=0.0409
TIME stage/visible_as_of_in_scope min_ms=59.1621 median_ms=60.1224 max_ms=65.1411 reps=6 first_ms=63.8594
TIME stage/newest_heap min_ms=2.3193 median_ms=2.5763 max_ms=2.6386 reps=6 first_ms=2.7751
TIME stage/payload_sizes min_ms=9.2400 median_ms=9.4672 max_ms=10.3105 reps=6 first_ms=9.0669
TIME stage/decisions_hydrate min_ms=15.7271 median_ms=15.9763 max_ms=16.2775 reps=6 first_ms=17.6296
TIME json/row_json_trees min_ms=18.3940 median_ms=19.0607 max_ms=22.3937 reps=6 first_ms=33.3693
TIME json/row_measure min_ms=4.8204 median_ms=5.9668 max_ms=14.8260 reps=6 first_ms=13.4489
TIME json/wrap_response min_ms=17.8508 median_ms=20.0343 max_ms=23.7847 reps=6 first_ms=32.8561
TIME json/measure_whole min_ms=6.1516 median_ms=6.2849 max_ms=8.0210 reps=6 first_ms=6.3849
TIME json/write_whole min_ms=5.7788 median_ms=8.4361 max_ms=8.6220 reps=6 first_ms=8.9656
TIME json/drop_trees min_ms=9.7501 median_ms=11.9509 max_ms=13.4224 reps=6 first_ms=14.3259
TIME typed/build_rows min_ms=1.3719 median_ms=1.5187 max_ms=1.5452 reps=6 first_ms=2.5327
TIME typed/row_measure min_ms=2.6081 median_ms=2.6778 max_ms=2.8484 reps=6 first_ms=2.7206
TIME typed/measure_whole min_ms=2.5636 median_ms=2.5983 max_ms=2.6250 reps=6 first_ms=2.5031
TIME typed/write_whole min_ms=3.7322 median_ms=3.8864 max_ms=3.9588 reps=6 first_ms=4.0167
TIME rank/common min_ms=8.4976 median_ms=8.8522 max_ms=9.0480 reps=6 first_ms=8.9395
TIME rank/encode_k_rows min_ms=0.0021 median_ms=0.0024 max_ms=0.0027 reps=6 first_ms=0.0026
TIME rank/selective min_ms=8.5296 median_ms=8.7496 max_ms=8.8364 reps=6 first_ms=8.7421
TIME rank/absent min_ms=7.8199 median_ms=7.8948 max_ms=7.9846 reps=6 first_ms=7.8561
TIME rank/long min_ms=8.2998 median_ms=8.4164 max_ms=8.5888 reps=6 first_ms=8.3074
TIME candidates/visible_named_8 min_ms=0.3139 median_ms=0.3734 max_ms=6.1541 reps=6 first_ms=8.5103
TIME candidates/hydrate_named_8 min_ms=0.0682 median_ms=0.0964 max_ms=0.1094 reps=6 first_ms=0.1318
TIME candidates/visible_named_64 min_ms=0.5281 median_ms=0.5407 max_ms=0.5531 reps=6 first_ms=0.5691
TIME candidates/hydrate_named_64 min_ms=0.0958 median_ms=0.1016 max_ms=0.1082 reps=6 first_ms=0.1228
